#max_provinces = 1466
definitions = "definition.csv"
provinces = "provinces.png"
#positions = "positions.txt"
rivers = "rivers.png"
#terrain_definition = "terrain.txt"
topology = "heightmap.heightmap"
#tree_definition = "trees.bmp"
continent = "continent.txt"
adjacencies = "adjacencies.csv"
#climate = "climate.txt"
island_region = "island_region.txt"
seasons = "seasons.txt"

#############
# SEA ZONES
#############
sea_zones = RANGE { 3822 4003 }
sea_zones = LIST { 1 4014 4015 }
###############
# MAJOR RIVERS
###############
#S. Korean Rivers
river_provinces = RANGE { 4024 4036 }		# Nakdong
river_provinces = RANGE { 4037 4041 }		# Yeongsan
river_provinces = RANGE { 4042 4047 }		# Geum
river_provinces = RANGE { 4048 4063 }		# Han
river_provinces = RANGE { 4064 4067 }		# Imjin
#N. Korean Rivers
river_provinces = RANGE { 4068 4069 }		#Yeseong
river_provinces = RANGE { 4070 4079 }		#Daedong
river_provinces = RANGE { 4080 4082 }		#Cheongcheon
river_provinces = LIST { 4083 4084 }		#Seongcheon
river_provinces = LIST { 4085 }		# Gwangpho
#Manchurian rivers
river_provinces = RANGE { 4086 4098 }		#Yalu
river_provinces = RANGE { 4099 4105 }		#Tumen
river_provinces = RANGE { 4106 4120 }		#Liao
river_provinces = RANGE { 4123 4129 }		#Hun
########
# LAKES
########

lakes = LIST { 3793 4233 } # 항카 호,천지

#####################
# IMPASSABLE TERRAIN
#####################
# Can be colored by whoever owns the most of the province's neighbours.
# Blocks unit movement.

#프리모리예
impassable_mountains = RANGE { 3777 3792 } 

#만주사막
impassable_mountains = RANGE { 3794 3803 }

impassable_mountains = LIST { 1501 3529 }

#한국 산맥
impassable_mountains = RANGE { 4131 4232 }
impassable_mountains = LIST { 4234 }
############
# WASTELAND
############
# These are actually supposed to be Wasteland:
# Cannot be colored. Blocks unit movement, used for things like Sahara desert. 
impassable_mountains = RANGE { 2 7 }

# IMPASSABLE SEA ZONES
# These sea provinces cannot be crossed/sailed
impassable_seas = RANGE { 8 10 }
# UNUSED PROVINCES
# These provinces cause issues because they are passable land, but not part of any title.
# They are probably not visible anywhere on the map, so feel free to reuse them (after double checking that they are actually missing).

impassable_mountains = RANGE { 11 24 }
impassable_mountains = LIST { 86 }
impassable_mountains = RANGE { 2377 2494 }
impassable_mountains = RANGE { 4235 9659 }